\BOOKMARK [0][-]{chapter*.2}{\376\377\000P\000r\000e\000f\000a\000c\000e}{}% 1
\BOOKMARK [-1][-]{part.1}{\376\377\000I\000\040\000C\000o\000r\000e\000\040\000L\000a\000n\000g\000u\000a\000g\000e}{}% 2
\BOOKMARK [0][-]{chapter.1}{\376\377\000O\000v\000e\000r\000v\000i\000e\000w}{part.1}% 3
\BOOKMARK [1][-]{section.1.1}{\376\377\000H\000e\000l\000l\000o\000,\000\040\000A\000g\000e\000n\000t}{chapter.1}% 4
\BOOKMARK [1][-]{section.1.2}{\376\377\000W\000h\000a\000t\000\040\000H\000a\000i\000r\000a\000\040\000R\000e\000p\000l\000a\000c\000e\000s}{chapter.1}% 5
\BOOKMARK [1][-]{section.1.3}{\376\377\000L\000a\000n\000g\000u\000a\000g\000e\000\040\000C\000h\000a\000r\000a\000c\000t\000e\000r\000i\000s\000t\000i\000c\000s}{chapter.1}% 6
\BOOKMARK [2][-]{subsection.1.3.1}{\376\377\000F\000o\000u\000r\000\040\000A\000g\000e\000n\000t\000i\000c\000\040\000P\000r\000i\000m\000i\000t\000i\000v\000e\000s}{section.1.3}% 7
\BOOKMARK [2][-]{subsection.1.3.2}{\376\377\000E\000x\000p\000l\000i\000c\000i\000t\000\040\000I\000m\000p\000o\000r\000t\000s}{section.1.3}% 8
\BOOKMARK [2][-]{subsection.1.3.3}{\376\377\000G\000o\000-\000S\000t\000y\000l\000e\000\040\000E\000r\000r\000o\000r\000\040\000H\000a\000n\000d\000l\000i\000n\000g}{section.1.3}% 9
\BOOKMARK [2][-]{subsection.1.3.4}{\376\377\000A\000g\000e\000n\000t\000s\000\040\000a\000n\000d\000\040\000T\000o\000o\000l\000s}{section.1.3}% 10
\BOOKMARK [2][-]{subsection.1.3.5}{\376\377\000W\000o\000r\000k\000f\000l\000o\000w\000s\000\040\000w\000i\000t\000h\000\040\000T\000r\000i\000g\000g\000e\000r\000s}{section.1.3}% 11
\BOOKMARK [2][-]{subsection.1.3.6}{\376\377\000S\000t\000r\000e\000a\000m\000i\000n\000g\000\040\000a\000n\000d\000\040\000C\000o\000n\000v\000e\000r\000s\000a\000t\000i\000o\000n\000s}{section.1.3}% 12
\BOOKMARK [1][-]{section.1.4}{\376\377\000T\000y\000p\000e\000\040\000S\000y\000s\000t\000e\000m}{chapter.1}% 13
\BOOKMARK [1][-]{section.1.5}{\376\377\000C\000o\000n\000t\000r\000o\000l\000\040\000F\000l\000o\000w}{chapter.1}% 14
\BOOKMARK [1][-]{section.1.6}{\376\377\000F\000u\000n\000c\000t\000i\000o\000n\000s}{chapter.1}% 15
\BOOKMARK [1][-]{section.1.7}{\376\377\000C\000o\000n\000c\000u\000r\000r\000e\000n\000c\000y}{chapter.1}% 16
\BOOKMARK [1][-]{section.1.8}{\376\377\000P\000i\000p\000e\000\040\000O\000p\000e\000r\000a\000t\000o\000r}{chapter.1}% 17
\BOOKMARK [1][-]{section.1.9}{\376\377\000A\000\040\000C\000o\000m\000p\000l\000e\000t\000e\000\040\000E\000x\000a\000m\000p\000l\000e}{chapter.1}% 18
\BOOKMARK [1][-]{section.1.10}{\376\377\000I\000m\000p\000l\000e\000m\000e\000n\000t\000a\000t\000i\000o\000n\000\040\000S\000t\000a\000t\000u\000s}{chapter.1}% 19
\BOOKMARK [0][-]{chapter.2}{\376\377\000L\000e\000x\000i\000c\000a\000l\000\040\000S\000t\000r\000u\000c\000t\000u\000r\000e}{part.1}% 20
\BOOKMARK [1][-]{section.2.1}{\376\377\000S\000o\000u\000r\000c\000e\000\040\000E\000n\000c\000o\000d\000i\000n\000g}{chapter.2}% 21
\BOOKMARK [1][-]{section.2.2}{\376\377\000L\000i\000n\000e\000\040\000S\000t\000r\000u\000c\000t\000u\000r\000e}{chapter.2}% 22
\BOOKMARK [2][-]{subsection.2.2.1}{\376\377\000L\000i\000n\000e\000\040\000C\000o\000n\000t\000i\000n\000u\000a\000t\000i\000o\000n}{section.2.2}% 23
\BOOKMARK [1][-]{section.2.3}{\376\377\000C\000o\000m\000m\000e\000n\000t\000s}{chapter.2}% 24
\BOOKMARK [2][-]{subsection.2.3.1}{\376\377\000S\000i\000n\000g\000l\000e\000-\000L\000i\000n\000e\000\040\000C\000o\000m\000m\000e\000n\000t\000s}{section.2.3}% 25
\BOOKMARK [2][-]{subsection.2.3.2}{\376\377\000M\000u\000l\000t\000i\000-\000L\000i\000n\000e\000\040\000C\000o\000m\000m\000e\000n\000t\000s}{section.2.3}% 26
\BOOKMARK [2][-]{subsection.2.3.3}{\376\377\000D\000o\000c\000u\000m\000e\000n\000t\000a\000t\000i\000o\000n\000\040\000C\000o\000m\000m\000e\000n\000t\000s}{section.2.3}% 27
\BOOKMARK [1][-]{section.2.4}{\376\377\000T\000o\000k\000e\000n\000s}{chapter.2}% 28
\BOOKMARK [1][-]{section.2.5}{\376\377\000K\000e\000y\000w\000o\000r\000d\000s}{chapter.2}% 29
\BOOKMARK [1][-]{section.2.6}{\376\377\000I\000d\000e\000n\000t\000i\000f\000i\000e\000r\000s}{chapter.2}% 30
\BOOKMARK [2][-]{subsection.2.6.1}{\376\377\000N\000a\000m\000i\000n\000g\000\040\000C\000o\000n\000v\000e\000n\000t\000i\000o\000n\000s}{section.2.6}% 31
\BOOKMARK [1][-]{section.2.7}{\376\377\000L\000i\000t\000e\000r\000a\000l\000s}{chapter.2}% 32
\BOOKMARK [2][-]{subsection.2.7.1}{\376\377\000I\000n\000t\000e\000g\000e\000r\000\040\000L\000i\000t\000e\000r\000a\000l\000s}{section.2.7}% 33
\BOOKMARK [2][-]{subsection.2.7.2}{\376\377\000F\000l\000o\000a\000t\000i\000n\000g\000-\000P\000o\000i\000n\000t\000\040\000L\000i\000t\000e\000r\000a\000l\000s}{section.2.7}% 34
\BOOKMARK [2][-]{subsection.2.7.3}{\376\377\000B\000o\000o\000l\000e\000a\000n\000\040\000L\000i\000t\000e\000r\000a\000l\000s}{section.2.7}% 35
\BOOKMARK [2][-]{subsection.2.7.4}{\376\377\000S\000t\000r\000i\000n\000g\000\040\000L\000i\000t\000e\000r\000a\000l\000s}{section.2.7}% 36
\BOOKMARK [2][-]{subsection.2.7.5}{\376\377\000S\000t\000r\000i\000n\000g\000\040\000I\000n\000t\000e\000r\000p\000o\000l\000a\000t\000i\000o\000n}{section.2.7}% 37
\BOOKMARK [2][-]{subsection.2.7.6}{\376\377\000R\000a\000w\000\040\000S\000t\000r\000i\000n\000g\000s}{section.2.7}% 38
\BOOKMARK [2][-]{subsection.2.7.7}{\376\377\000T\000r\000i\000p\000l\000e\000-\000Q\000u\000o\000t\000e\000d\000\040\000S\000t\000r\000i\000n\000g\000s}{section.2.7}% 39
\BOOKMARK [2][-]{subsection.2.7.8}{\376\377\000N\000i\000l\000\040\000L\000i\000t\000e\000r\000a\000l}{section.2.7}% 40
\BOOKMARK [1][-]{section.2.8}{\376\377\000O\000p\000e\000r\000a\000t\000o\000r\000s}{chapter.2}% 41
\BOOKMARK [2][-]{subsection.2.8.1}{\376\377\000A\000r\000i\000t\000h\000m\000e\000t\000i\000c\000\040\000O\000p\000e\000r\000a\000t\000o\000r\000s}{section.2.8}% 42
\BOOKMARK [2][-]{subsection.2.8.2}{\376\377\000C\000o\000m\000p\000a\000r\000i\000s\000o\000n\000\040\000O\000p\000e\000r\000a\000t\000o\000r\000s}{section.2.8}% 43
\BOOKMARK [2][-]{subsection.2.8.3}{\376\377\000L\000o\000g\000i\000c\000a\000l\000\040\000O\000p\000e\000r\000a\000t\000o\000r\000s}{section.2.8}% 44
\BOOKMARK [2][-]{subsection.2.8.4}{\376\377\000A\000s\000s\000i\000g\000n\000m\000e\000n\000t\000\040\000O\000p\000e\000r\000a\000t\000o\000r\000s}{section.2.8}% 45
\BOOKMARK [2][-]{subsection.2.8.5}{\376\377\000B\000i\000t\000w\000i\000s\000e\000\040\000O\000p\000e\000r\000a\000t\000o\000r\000s}{section.2.8}% 46
\BOOKMARK [2][-]{subsection.2.8.6}{\376\377\000B\000i\000t\000w\000i\000s\000e\000\040\000A\000s\000s\000i\000g\000n\000m\000e\000n\000t\000\040\000O\000p\000e\000r\000a\000t\000o\000r\000s}{section.2.8}% 47
\BOOKMARK [2][-]{subsection.2.8.7}{\376\377\000O\000t\000h\000e\000r\000\040\000O\000p\000e\000r\000a\000t\000o\000r\000s}{section.2.8}% 48
\BOOKMARK [1][-]{section.2.9}{\376\377\000D\000e\000l\000i\000m\000i\000t\000e\000r\000s}{chapter.2}% 49
\BOOKMARK [1][-]{section.2.10}{\376\377\000W\000h\000i\000t\000e\000s\000p\000a\000c\000e}{chapter.2}% 50
\BOOKMARK [1][-]{section.2.11}{\376\377\000L\000e\000x\000i\000c\000a\000l\000\040\000G\000r\000a\000m\000m\000a\000r\000\040\000S\000u\000m\000m\000a\000r\000y}{chapter.2}% 51
\BOOKMARK [0][-]{chapter.3}{\376\377\000T\000y\000p\000e\000s}{part.1}% 52
\BOOKMARK [1][-]{section.3.1}{\376\377\000T\000y\000p\000e\000\040\000S\000y\000s\000t\000e\000m\000\040\000O\000v\000e\000r\000v\000i\000e\000w}{chapter.3}% 53
\BOOKMARK [1][-]{section.3.2}{\376\377\000P\000r\000i\000m\000i\000t\000i\000v\000e\000\040\000T\000y\000p\000e\000s}{chapter.3}% 54
\BOOKMARK [2][-]{subsection.3.2.1}{\376\377\000I\000n\000t\000e\000g\000e\000r\000\040\000T\000y\000p\000e\000s}{section.3.2}% 55
\BOOKMARK [2][-]{subsection.3.2.2}{\376\377\000F\000l\000o\000a\000t\000i\000n\000g\000-\000P\000o\000i\000n\000t\000\040\000T\000y\000p\000e\000s}{section.3.2}% 56
\BOOKMARK [2][-]{subsection.3.2.3}{\376\377\000B\000o\000o\000l\000e\000a\000n\000\040\000T\000y\000p\000e}{section.3.2}% 57
\BOOKMARK [2][-]{subsection.3.2.4}{\376\377\000S\000t\000r\000i\000n\000g\000\040\000T\000y\000p\000e}{section.3.2}% 58
\BOOKMARK [1][-]{section.3.3}{\376\377\000C\000o\000m\000p\000o\000s\000i\000t\000e\000\040\000T\000y\000p\000e\000s}{chapter.3}% 59
\BOOKMARK [2][-]{subsection.3.3.1}{\376\377\000A\000r\000r\000a\000y\000s}{section.3.3}% 60
\BOOKMARK [2][-]{subsection.3.3.2}{\376\377\000M\000a\000p\000s}{section.3.3}% 61
\BOOKMARK [2][-]{subsection.3.3.3}{\376\377\000T\000u\000p\000l\000e\000s}{section.3.3}% 62
\BOOKMARK [1][-]{section.3.4}{\376\377\000O\000p\000t\000i\000o\000n\000\040\000T\000y\000p\000e\000s}{chapter.3}% 63
\BOOKMARK [2][-]{subsection.3.4.1}{\376\377\000U\000n\000w\000r\000a\000p\000p\000i\000n\000g\000\040\000O\000p\000t\000i\000o\000n\000s}{section.3.4}% 64
\BOOKMARK [1][-]{section.3.5}{\376\377\000S\000t\000r\000u\000c\000t\000\040\000T\000y\000p\000e\000s}{chapter.3}% 65
\BOOKMARK [2][-]{subsection.3.5.1}{\376\377\000S\000t\000r\000u\000c\000t\000\040\000M\000e\000t\000h\000o\000d\000s}{section.3.5}% 66
\BOOKMARK [2][-]{subsection.3.5.2}{\376\377\000N\000e\000s\000t\000e\000d\000\040\000S\000t\000r\000u\000c\000t\000s}{section.3.5}% 67
\BOOKMARK [1][-]{section.3.6}{\376\377\000E\000n\000u\000m\000\040\000T\000y\000p\000e\000s}{chapter.3}% 68
\BOOKMARK [2][-]{subsection.3.6.1}{\376\377\000E\000n\000u\000m\000s\000\040\000w\000i\000t\000h\000\040\000A\000s\000s\000o\000c\000i\000a\000t\000e\000d\000\040\000D\000a\000t\000a}{section.3.6}% 69
\BOOKMARK [1][-]{section.3.7}{\376\377\000T\000y\000p\000e\000\040\000A\000l\000i\000a\000s\000e\000s}{chapter.3}% 70
\BOOKMARK [1][-]{section.3.8}{\376\377\000F\000u\000n\000c\000t\000i\000o\000n\000\040\000T\000y\000p\000e\000s}{chapter.3}% 71
\BOOKMARK [1][-]{section.3.9}{\376\377\000G\000e\000n\000e\000r\000i\000c\000\040\000T\000y\000p\000e\000s}{chapter.3}% 72
\BOOKMARK [2][-]{subsection.3.9.1}{\376\377\000T\000y\000p\000e\000\040\000C\000o\000n\000s\000t\000r\000a\000i\000n\000t\000s}{section.3.9}% 73
\BOOKMARK [1][-]{section.3.10}{\376\377\000S\000t\000r\000e\000a\000m\000\040\000T\000y\000p\000e\000s}{chapter.3}% 74
\BOOKMARK [2][-]{subsection.3.10.1}{\376\377\000S\000t\000r\000e\000a\000m\000\040\000T\000y\000p\000e\000\040\000S\000y\000n\000t\000a\000x}{section.3.10}% 75
\BOOKMARK [2][-]{subsection.3.10.2}{\376\377\000C\000o\000n\000s\000u\000m\000i\000n\000g\000\040\000S\000t\000r\000e\000a\000m\000s}{section.3.10}% 76
\BOOKMARK [2][-]{subsection.3.10.3}{\376\377\000S\000t\000r\000e\000a\000m\000s\000\040\000a\000s\000\040\000R\000e\000t\000u\000r\000n\000\040\000T\000y\000p\000e\000s}{section.3.10}% 77
\BOOKMARK [2][-]{subsection.3.10.4}{\376\377\000S\000t\000r\000e\000a\000m\000\040\000P\000r\000o\000p\000e\000r\000t\000i\000e\000s}{section.3.10}% 78
\BOOKMARK [1][-]{section.3.11}{\376\377\000T\000h\000e\000\040\000E\000r\000r\000o\000r\000\040\000T\000y\000p\000e}{chapter.3}% 79
\BOOKMARK [1][-]{section.3.12}{\376\377\000T\000y\000p\000e\000\040\000I\000n\000f\000e\000r\000e\000n\000c\000e}{chapter.3}% 80
\BOOKMARK [1][-]{section.3.13}{\376\377\000S\000t\000r\000u\000c\000t\000u\000r\000a\000l\000\040\000T\000y\000p\000i\000n\000g}{chapter.3}% 81
\BOOKMARK [1][-]{section.3.14}{\376\377\000T\000y\000p\000e\000\040\000G\000r\000a\000m\000m\000a\000r}{chapter.3}% 82
\BOOKMARK [0][-]{chapter.4}{\376\377\000E\000x\000p\000r\000e\000s\000s\000i\000o\000n\000s}{part.1}% 83
\BOOKMARK [1][-]{section.4.1}{\376\377\000P\000r\000i\000m\000a\000r\000y\000\040\000E\000x\000p\000r\000e\000s\000s\000i\000o\000n\000s}{chapter.4}% 84
\BOOKMARK [2][-]{subsection.4.1.1}{\376\377\000L\000i\000t\000e\000r\000a\000l\000s}{section.4.1}% 85
\BOOKMARK [2][-]{subsection.4.1.2}{\376\377\000I\000d\000e\000n\000t\000i\000f\000i\000e\000r\000s}{section.4.1}% 86
\BOOKMARK [2][-]{subsection.4.1.3}{\376\377\000P\000a\000r\000e\000n\000t\000h\000e\000s\000i\000z\000e\000d\000\040\000E\000x\000p\000r\000e\000s\000s\000i\000o\000n\000s}{section.4.1}% 87
\BOOKMARK [1][-]{section.4.2}{\376\377\000A\000r\000i\000t\000h\000m\000e\000t\000i\000c\000\040\000E\000x\000p\000r\000e\000s\000s\000i\000o\000n\000s}{chapter.4}% 88
\BOOKMARK [2][-]{subsection.4.2.1}{\376\377\000I\000n\000t\000e\000g\000e\000r\000\040\000D\000i\000v\000i\000s\000i\000o\000n}{section.4.2}% 89
\BOOKMARK [2][-]{subsection.4.2.2}{\376\377\000M\000o\000d\000u\000l\000o}{section.4.2}% 90
\BOOKMARK [1][-]{section.4.3}{\376\377\000C\000o\000m\000p\000a\000r\000i\000s\000o\000n\000\040\000E\000x\000p\000r\000e\000s\000s\000i\000o\000n\000s}{chapter.4}% 91
\BOOKMARK [2][-]{subsection.4.3.1}{\376\377\000E\000q\000u\000a\000l\000i\000t\000y}{section.4.3}% 92
\BOOKMARK [1][-]{section.4.4}{\376\377\000L\000o\000g\000i\000c\000a\000l\000\040\000E\000x\000p\000r\000e\000s\000s\000i\000o\000n\000s}{chapter.4}% 93
\BOOKMARK [2][-]{subsection.4.4.1}{\376\377\000S\000h\000o\000r\000t\000-\000C\000i\000r\000c\000u\000i\000t\000\040\000E\000v\000a\000l\000u\000a\000t\000i\000o\000n}{section.4.4}% 94
\BOOKMARK [1][-]{section.4.5}{\376\377\000B\000i\000t\000w\000i\000s\000e\000\040\000E\000x\000p\000r\000e\000s\000s\000i\000o\000n\000s}{chapter.4}% 95
\BOOKMARK [2][-]{subsection.4.5.1}{\376\377\000B\000i\000t\000w\000i\000s\000e\000\040\000A\000N\000D}{section.4.5}% 96
\BOOKMARK [2][-]{subsection.4.5.2}{\376\377\000B\000i\000t\000w\000i\000s\000e\000\040\000O\000R}{section.4.5}% 97
\BOOKMARK [2][-]{subsection.4.5.3}{\376\377\000B\000i\000t\000w\000i\000s\000e\000\040\000X\000O\000R}{section.4.5}% 98
\BOOKMARK [2][-]{subsection.4.5.4}{\376\377\000B\000i\000t\000w\000i\000s\000e\000\040\000N\000O\000T}{section.4.5}% 99
\BOOKMARK [2][-]{subsection.4.5.5}{\376\377\000L\000e\000f\000t\000\040\000S\000h\000i\000f\000t}{section.4.5}% 100
\BOOKMARK [2][-]{subsection.4.5.6}{\376\377\000R\000i\000g\000h\000t\000\040\000S\000h\000i\000f\000t}{section.4.5}% 101
\BOOKMARK [2][-]{subsection.4.5.7}{\376\377\000L\000o\000g\000i\000c\000a\000l\000\040\000R\000i\000g\000h\000t\000\040\000S\000h\000i\000f\000t}{section.4.5}% 102
\BOOKMARK [2][-]{subsection.4.5.8}{\376\377\000C\000o\000m\000m\000o\000n\000\040\000B\000i\000t\000\040\000M\000a\000n\000i\000p\000u\000l\000a\000t\000i\000o\000n\000\040\000P\000a\000t\000t\000e\000r\000n\000s}{section.4.5}% 103
\BOOKMARK [2][-]{subsection.4.5.9}{\376\377\000C\000o\000m\000p\000o\000u\000n\000d\000\040\000B\000i\000t\000w\000i\000s\000e\000\040\000A\000s\000s\000i\000g\000n\000m\000e\000n\000t}{section.4.5}% 104
\BOOKMARK [1][-]{section.4.6}{\376\377\000S\000t\000r\000i\000n\000g\000\040\000E\000x\000p\000r\000e\000s\000s\000i\000o\000n\000s}{chapter.4}% 105
\BOOKMARK [2][-]{subsection.4.6.1}{\376\377\000C\000o\000n\000c\000a\000t\000e\000n\000a\000t\000i\000o\000n}{section.4.6}% 106
\BOOKMARK [2][-]{subsection.4.6.2}{\376\377\000S\000t\000r\000i\000n\000g\000\040\000I\000n\000t\000e\000r\000p\000o\000l\000a\000t\000i\000o\000n}{section.4.6}% 107
\BOOKMARK [1][-]{section.4.7}{\376\377\000A\000r\000r\000a\000y\000\040\000a\000n\000d\000\040\000M\000a\000p\000\040\000E\000x\000p\000r\000e\000s\000s\000i\000o\000n\000s}{chapter.4}% 108
\BOOKMARK [2][-]{subsection.4.7.1}{\376\377\000A\000r\000r\000a\000y\000\040\000L\000i\000t\000e\000r\000a\000l\000s}{section.4.7}% 109
\BOOKMARK [2][-]{subsection.4.7.2}{\376\377\000M\000a\000p\000\040\000L\000i\000t\000e\000r\000a\000l\000s}{section.4.7}% 110
\BOOKMARK [2][-]{subsection.4.7.3}{\376\377\000I\000n\000d\000e\000x\000\040\000A\000c\000c\000e\000s\000s}{section.4.7}% 111
\BOOKMARK [1][-]{section.4.8}{\376\377\000F\000i\000e\000l\000d\000\040\000A\000c\000c\000e\000s\000s}{chapter.4}% 112
\BOOKMARK [1][-]{section.4.9}{\376\377\000F\000u\000n\000c\000t\000i\000o\000n\000\040\000C\000a\000l\000l\000s}{chapter.4}% 113
\BOOKMARK [2][-]{subsection.4.9.1}{\376\377\000C\000h\000a\000i\000n\000e\000d\000\040\000C\000a\000l\000l\000s}{section.4.9}% 114
\BOOKMARK [1][-]{section.4.10}{\376\377\000P\000i\000p\000e\000\040\000E\000x\000p\000r\000e\000s\000s\000i\000o\000n\000s}{chapter.4}% 115
\BOOKMARK [2][-]{subsection.4.10.1}{\376\377\000P\000i\000p\000e\000\040\000w\000i\000t\000h\000\040\000A\000r\000g\000u\000m\000e\000n\000t\000s}{section.4.10}% 116
\BOOKMARK [2][-]{subsection.4.10.2}{\376\377\000C\000o\000m\000p\000l\000e\000x\000\040\000P\000i\000p\000e\000l\000i\000n\000e\000s}{section.4.10}% 117
\BOOKMARK [1][-]{section.4.11}{\376\377\000R\000a\000n\000g\000e\000\040\000E\000x\000p\000r\000e\000s\000s\000i\000o\000n\000s}{chapter.4}% 118
\BOOKMARK [1][-]{section.4.12}{\376\377\000C\000o\000n\000d\000i\000t\000i\000o\000n\000a\000l\000\040\000E\000x\000p\000r\000e\000s\000s\000i\000o\000n\000s}{chapter.4}% 119
\BOOKMARK [2][-]{subsection.4.12.1}{\376\377\000I\000f\000\040\000E\000x\000p\000r\000e\000s\000s\000i\000o\000n}{section.4.12}% 120
\BOOKMARK [2][-]{subsection.4.12.2}{\376\377\000M\000a\000t\000c\000h\000\040\000E\000x\000p\000r\000e\000s\000s\000i\000o\000n}{section.4.12}% 121
\BOOKMARK [1][-]{section.4.13}{\376\377\000B\000l\000o\000c\000k\000\040\000E\000x\000p\000r\000e\000s\000s\000i\000o\000n\000s}{chapter.4}% 122
\BOOKMARK [1][-]{section.4.14}{\376\377\000S\000t\000r\000u\000c\000t\000\040\000I\000n\000s\000t\000a\000n\000t\000i\000a\000t\000i\000o\000n}{chapter.4}% 123
\BOOKMARK [1][-]{section.4.15}{\376\377\000C\000l\000o\000s\000u\000r\000e\000\040\000E\000x\000p\000r\000e\000s\000s\000i\000o\000n\000s}{chapter.4}% 124
\BOOKMARK [1][-]{section.4.16}{\376\377\000O\000p\000t\000i\000o\000n\000\040\000E\000x\000p\000r\000e\000s\000s\000i\000o\000n\000s}{chapter.4}% 125
\BOOKMARK [2][-]{subsection.4.16.1}{\376\377\000N\000i\000l\000\040\000C\000o\000a\000l\000e\000s\000c\000i\000n\000g}{section.4.16}% 126
\BOOKMARK [2][-]{subsection.4.16.2}{\376\377\000O\000p\000t\000i\000o\000n\000a\000l\000\040\000C\000h\000a\000i\000n\000i\000n\000g}{section.4.16}% 127
\BOOKMARK [1][-]{section.4.17}{\376\377\000T\000y\000p\000e\000\040\000A\000s\000s\000e\000r\000t\000i\000o\000n\000s}{chapter.4}% 128
\BOOKMARK [1][-]{section.4.18}{\376\377\000O\000p\000e\000r\000a\000t\000o\000r\000\040\000P\000r\000e\000c\000e\000d\000e\000n\000c\000e}{chapter.4}% 129
\BOOKMARK [1][-]{section.4.19}{\376\377\000E\000x\000p\000r\000e\000s\000s\000i\000o\000n\000\040\000G\000r\000a\000m\000m\000a\000r}{chapter.4}% 130
\BOOKMARK [0][-]{chapter.5}{\376\377\000S\000t\000a\000t\000e\000m\000e\000n\000t\000s}{part.1}% 131
\BOOKMARK [1][-]{section.5.1}{\376\377\000V\000a\000r\000i\000a\000b\000l\000e\000\040\000D\000e\000c\000l\000a\000r\000a\000t\000i\000o\000n\000s}{chapter.5}% 132
\BOOKMARK [2][-]{subsection.5.1.1}{\376\377\000W\000i\000t\000h\000\040\000I\000n\000f\000e\000r\000e\000n\000c\000e}{section.5.1}% 133
\BOOKMARK [2][-]{subsection.5.1.2}{\376\377\000W\000i\000t\000h\000\040\000E\000x\000p\000l\000i\000c\000i\000t\000\040\000T\000y\000p\000e}{section.5.1}% 134
\BOOKMARK [2][-]{subsection.5.1.3}{\376\377\000M\000u\000l\000t\000i\000p\000l\000e\000\040\000D\000e\000c\000l\000a\000r\000a\000t\000i\000o\000n\000s}{section.5.1}% 135
\BOOKMARK [2][-]{subsection.5.1.4}{\376\377\000U\000n\000i\000n\000i\000t\000i\000a\000l\000i\000z\000e\000d\000\040\000V\000a\000r\000i\000a\000b\000l\000e\000s}{section.5.1}% 136
\BOOKMARK [1][-]{section.5.2}{\376\377\000A\000s\000s\000i\000g\000n\000m\000e\000n\000t\000\040\000S\000t\000a\000t\000e\000m\000e\000n\000t\000s}{chapter.5}% 137
\BOOKMARK [2][-]{subsection.5.2.1}{\376\377\000M\000u\000l\000t\000i\000p\000l\000e\000\040\000A\000s\000s\000i\000g\000n\000m\000e\000n\000t}{section.5.2}% 138
\BOOKMARK [2][-]{subsection.5.2.2}{\376\377\000F\000i\000e\000l\000d\000\040\000A\000s\000s\000i\000g\000n\000m\000e\000n\000t}{section.5.2}% 139
\BOOKMARK [2][-]{subsection.5.2.3}{\376\377\000I\000n\000d\000e\000x\000\040\000A\000s\000s\000i\000g\000n\000m\000e\000n\000t}{section.5.2}% 140
\BOOKMARK [1][-]{section.5.3}{\376\377\000E\000x\000p\000r\000e\000s\000s\000i\000o\000n\000\040\000S\000t\000a\000t\000e\000m\000e\000n\000t\000s}{chapter.5}% 141
\BOOKMARK [1][-]{section.5.4}{\376\377\000I\000f\000\040\000S\000t\000a\000t\000e\000m\000e\000n\000t\000s}{chapter.5}% 142
\BOOKMARK [2][-]{subsection.5.4.1}{\376\377\000C\000o\000n\000d\000i\000t\000i\000o\000n\000\040\000B\000i\000n\000d\000i\000n\000g}{section.5.4}% 143
\BOOKMARK [1][-]{section.5.5}{\376\377\000F\000o\000r\000\040\000S\000t\000a\000t\000e\000m\000e\000n\000t\000s}{chapter.5}% 144
\BOOKMARK [2][-]{subsection.5.5.1}{\376\377\000R\000a\000n\000g\000e\000-\000B\000a\000s\000e\000d\000\040\000F\000o\000r}{section.5.5}% 145
\BOOKMARK [2][-]{subsection.5.5.2}{\376\377\000C\000o\000l\000l\000e\000c\000t\000i\000o\000n\000\040\000I\000t\000e\000r\000a\000t\000i\000o\000n}{section.5.5}% 146
\BOOKMARK [2][-]{subsection.5.5.3}{\376\377\000S\000t\000r\000i\000n\000g\000\040\000I\000t\000e\000r\000a\000t\000i\000o\000n}{section.5.5}% 147
\BOOKMARK [1][-]{section.5.6}{\376\377\000W\000h\000i\000l\000e\000\040\000S\000t\000a\000t\000e\000m\000e\000n\000t\000s}{chapter.5}% 148
\BOOKMARK [1][-]{section.5.7}{\376\377\000M\000a\000t\000c\000h\000\040\000S\000t\000a\000t\000e\000m\000e\000n\000t\000s}{chapter.5}% 149
\BOOKMARK [2][-]{subsection.5.7.1}{\376\377\000B\000a\000s\000i\000c\000\040\000M\000a\000t\000c\000h\000i\000n\000g}{section.5.7}% 150
\BOOKMARK [2][-]{subsection.5.7.2}{\376\377\000M\000u\000l\000t\000i\000p\000l\000e\000\040\000P\000a\000t\000t\000e\000r\000n\000s}{section.5.7}% 151
\BOOKMARK [2][-]{subsection.5.7.3}{\376\377\000R\000a\000n\000g\000e\000\040\000P\000a\000t\000t\000e\000r\000n\000s}{section.5.7}% 152
\BOOKMARK [2][-]{subsection.5.7.4}{\376\377\000G\000u\000a\000r\000d\000\040\000C\000l\000a\000u\000s\000e\000s}{section.5.7}% 153
\BOOKMARK [2][-]{subsection.5.7.5}{\376\377\000D\000e\000s\000t\000r\000u\000c\000t\000u\000r\000i\000n\000g\000\040\000P\000a\000t\000t\000e\000r\000n\000s}{section.5.7}% 154
\BOOKMARK [2][-]{subsection.5.7.6}{\376\377\000M\000a\000t\000c\000h\000\040\000E\000x\000h\000a\000u\000s\000t\000i\000v\000e\000n\000e\000s\000s}{section.5.7}% 155
\BOOKMARK [1][-]{section.5.8}{\376\377\000B\000l\000o\000c\000k\000\040\000S\000t\000a\000t\000e\000m\000e\000n\000t\000s}{chapter.5}% 156
\BOOKMARK [1][-]{section.5.9}{\376\377\000R\000e\000t\000u\000r\000n\000\040\000S\000t\000a\000t\000e\000m\000e\000n\000t\000s}{chapter.5}% 157
\BOOKMARK [2][-]{subsection.5.9.1}{\376\377\000I\000m\000p\000l\000i\000c\000i\000t\000\040\000R\000e\000t\000u\000r\000n}{section.5.9}% 158
\BOOKMARK [1][-]{section.5.10}{\376\377\000B\000r\000e\000a\000k\000\040\000S\000t\000a\000t\000e\000m\000e\000n\000t\000s}{chapter.5}% 159
\BOOKMARK [2][-]{subsection.5.10.1}{\376\377\000L\000a\000b\000e\000l\000e\000d\000\040\000B\000r\000e\000a\000k}{section.5.10}% 160
\BOOKMARK [1][-]{section.5.11}{\376\377\000C\000o\000n\000t\000i\000n\000u\000e\000\040\000S\000t\000a\000t\000e\000m\000e\000n\000t\000s}{chapter.5}% 161
\BOOKMARK [2][-]{subsection.5.11.1}{\376\377\000L\000a\000b\000e\000l\000e\000d\000\040\000C\000o\000n\000t\000i\000n\000u\000e}{section.5.11}% 162
\BOOKMARK [1][-]{section.5.12}{\376\377\000I\000m\000p\000o\000r\000t\000\040\000S\000t\000a\000t\000e\000m\000e\000n\000t\000s}{chapter.5}% 163
\BOOKMARK [1][-]{section.5.13}{\376\377\000D\000e\000f\000e\000r\000\040\000S\000t\000a\000t\000e\000m\000e\000n\000t\000s}{chapter.5}% 164
\BOOKMARK [2][-]{subsection.5.13.1}{\376\377\000M\000u\000l\000t\000i\000p\000l\000e\000\040\000D\000e\000f\000e\000r\000s}{section.5.13}% 165
\BOOKMARK [1][-]{section.5.14}{\376\377\000S\000t\000a\000t\000e\000m\000e\000n\000t\000\040\000G\000r\000a\000m\000m\000a\000r}{chapter.5}% 166
\BOOKMARK [0][-]{chapter.6}{\376\377\000F\000u\000n\000c\000t\000i\000o\000n\000s}{part.1}% 167
\BOOKMARK [1][-]{section.6.1}{\376\377\000F\000u\000n\000c\000t\000i\000o\000n\000\040\000D\000e\000c\000l\000a\000r\000a\000t\000i\000o\000n\000s}{chapter.6}% 168
\BOOKMARK [2][-]{subsection.6.1.1}{\376\377\000B\000a\000s\000i\000c\000\040\000E\000x\000a\000m\000p\000l\000e\000s}{section.6.1}% 169
\BOOKMARK [2][-]{subsection.6.1.2}{\376\377\000N\000o\000\040\000R\000e\000t\000u\000r\000n\000\040\000T\000y\000p\000e}{section.6.1}% 170
\BOOKMARK [1][-]{section.6.2}{\376\377\000P\000a\000r\000a\000m\000e\000t\000e\000r\000s}{chapter.6}% 171
\BOOKMARK [2][-]{subsection.6.2.1}{\376\377\000R\000e\000q\000u\000i\000r\000e\000d\000\040\000P\000a\000r\000a\000m\000e\000t\000e\000r\000s}{section.6.2}% 172
\BOOKMARK [2][-]{subsection.6.2.2}{\376\377\000D\000e\000f\000a\000u\000l\000t\000\040\000P\000a\000r\000a\000m\000e\000t\000e\000r\000s}{section.6.2}% 173
\BOOKMARK [2][-]{subsection.6.2.3}{\376\377\000N\000a\000m\000e\000d\000\040\000A\000r\000g\000u\000m\000e\000n\000t\000s}{section.6.2}% 174
\BOOKMARK [2][-]{subsection.6.2.4}{\376\377\000V\000a\000r\000i\000a\000d\000i\000c\000\040\000P\000a\000r\000a\000m\000e\000t\000e\000r\000s}{section.6.2}% 175
\BOOKMARK [1][-]{section.6.3}{\376\377\000R\000e\000t\000u\000r\000n\000\040\000V\000a\000l\000u\000e\000s}{chapter.6}% 176
\BOOKMARK [2][-]{subsection.6.3.1}{\376\377\000S\000i\000n\000g\000l\000e\000\040\000R\000e\000t\000u\000r\000n}{section.6.3}% 177
\BOOKMARK [2][-]{subsection.6.3.2}{\376\377\000M\000u\000l\000t\000i\000p\000l\000e\000\040\000R\000e\000t\000u\000r\000n\000s}{section.6.3}% 178
\BOOKMARK [2][-]{subsection.6.3.3}{\376\377\000I\000m\000p\000l\000i\000c\000i\000t\000\040\000R\000e\000t\000u\000r\000n}{section.6.3}% 179
\BOOKMARK [2][-]{subsection.6.3.4}{\376\377\000E\000a\000r\000l\000y\000\040\000R\000e\000t\000u\000r\000n}{section.6.3}% 180
\BOOKMARK [1][-]{section.6.4}{\376\377\000F\000u\000n\000c\000t\000i\000o\000n\000\040\000T\000y\000p\000e\000s}{chapter.6}% 181
\BOOKMARK [1][-]{section.6.5}{\376\377\000C\000l\000o\000s\000u\000r\000e\000s}{chapter.6}% 182
\BOOKMARK [2][-]{subsection.6.5.1}{\376\377\000C\000l\000o\000s\000u\000r\000e\000\040\000S\000y\000n\000t\000a\000x}{section.6.5}% 183
\BOOKMARK [2][-]{subsection.6.5.2}{\376\377\000C\000a\000p\000t\000u\000r\000e\000\040\000S\000e\000m\000a\000n\000t\000i\000c\000s}{section.6.5}% 184
\BOOKMARK [1][-]{section.6.6}{\376\377\000M\000e\000t\000h\000o\000d\000s}{chapter.6}% 185
\BOOKMARK [2][-]{subsection.6.6.1}{\376\377\000M\000e\000t\000h\000o\000d\000\040\000R\000e\000c\000e\000i\000v\000e\000r}{section.6.6}% 186
\BOOKMARK [1][-]{section.6.7}{\376\377\000G\000e\000n\000e\000r\000i\000c\000\040\000F\000u\000n\000c\000t\000i\000o\000n\000s}{chapter.6}% 187
\BOOKMARK [2][-]{subsection.6.7.1}{\376\377\000T\000y\000p\000e\000\040\000C\000o\000n\000s\000t\000r\000a\000i\000n\000t\000s}{section.6.7}% 188
\BOOKMARK [1][-]{section.6.8}{\376\377\000H\000i\000g\000h\000e\000r\000-\000O\000r\000d\000e\000r\000\040\000F\000u\000n\000c\000t\000i\000o\000n\000s}{chapter.6}% 189
\BOOKMARK [1][-]{section.6.9}{\376\377\000R\000e\000c\000u\000r\000s\000i\000o\000n}{chapter.6}% 190
\BOOKMARK [2][-]{subsection.6.9.1}{\376\377\000T\000a\000i\000l\000\040\000C\000a\000l\000l\000\040\000O\000p\000t\000i\000m\000i\000z\000a\000t\000i\000o\000n}{section.6.9}% 191
\BOOKMARK [1][-]{section.6.10}{\376\377\000F\000u\000n\000c\000t\000i\000o\000n\000\040\000O\000v\000e\000r\000l\000o\000a\000d\000i\000n\000g}{chapter.6}% 192
\BOOKMARK [1][-]{section.6.11}{\376\377\000T\000h\000e\000\040\000m\000a\000i\000n\000\040\000F\000u\000n\000c\000t\000i\000o\000n}{chapter.6}% 193
\BOOKMARK [1][-]{section.6.12}{\376\377\000F\000u\000n\000c\000t\000i\000o\000n\000\040\000G\000r\000a\000m\000m\000a\000r}{chapter.6}% 194
\BOOKMARK [0][-]{chapter.7}{\376\377\000E\000r\000r\000o\000r\000\040\000H\000a\000n\000d\000l\000i\000n\000g}{part.1}% 195
\BOOKMARK [1][-]{section.7.1}{\376\377\000P\000h\000i\000l\000o\000s\000o\000p\000h\000y}{chapter.7}% 196
\BOOKMARK [1][-]{section.7.2}{\376\377\000T\000h\000e\000\040\000E\000r\000r\000o\000r\000\040\000T\000y\000p\000e}{chapter.7}% 197
\BOOKMARK [2][-]{subsection.7.2.1}{\376\377\000C\000r\000e\000a\000t\000i\000n\000g\000\040\000E\000r\000r\000o\000r\000s}{section.7.2}% 198
\BOOKMARK [1][-]{section.7.3}{\376\377\000E\000r\000r\000o\000r\000\040\000R\000e\000t\000u\000r\000n\000\040\000P\000a\000t\000t\000e\000r\000n}{chapter.7}% 199
\BOOKMARK [1][-]{section.7.4}{\376\377\000H\000a\000n\000d\000l\000i\000n\000g\000\040\000E\000r\000r\000o\000r\000s}{chapter.7}% 200
\BOOKMARK [2][-]{subsection.7.4.1}{\376\377\000B\000a\000s\000i\000c\000\040\000E\000r\000r\000o\000r\000\040\000C\000h\000e\000c\000k\000i\000n\000g}{section.7.4}% 201
\BOOKMARK [2][-]{subsection.7.4.2}{\376\377\000P\000r\000o\000p\000a\000g\000a\000t\000i\000n\000g\000\040\000E\000r\000r\000o\000r\000s}{section.7.4}% 202
\BOOKMARK [2][-]{subsection.7.4.3}{\376\377\000W\000r\000a\000p\000p\000i\000n\000g\000\040\000E\000r\000r\000o\000r\000s}{section.7.4}% 203
\BOOKMARK [1][-]{section.7.5}{\376\377\000E\000r\000r\000o\000r\000\040\000C\000h\000e\000c\000k\000i\000n\000g\000\040\000P\000a\000t\000t\000e\000r\000n\000s}{chapter.7}% 204
\BOOKMARK [2][-]{subsection.7.5.1}{\376\377\000G\000u\000a\000r\000d\000\040\000P\000a\000t\000t\000e\000r\000n}{section.7.5}% 205
\BOOKMARK [2][-]{subsection.7.5.2}{\376\377\000D\000e\000f\000e\000r\000\040\000f\000o\000r\000\040\000C\000l\000e\000a\000n\000u\000p}{section.7.5}% 206
\BOOKMARK [1][-]{section.7.6}{\376\377\000E\000r\000r\000o\000r\000\040\000U\000t\000i\000l\000i\000t\000i\000e\000s}{chapter.7}% 207
\BOOKMARK [2][-]{subsection.7.6.1}{\376\377\000C\000h\000e\000c\000k\000i\000n\000g\000\040\000E\000r\000r\000o\000r\000\040\000T\000y\000p\000e\000s}{section.7.6}% 208
\BOOKMARK [2][-]{subsection.7.6.2}{\376\377\000E\000r\000r\000o\000r\000\040\000C\000h\000a\000i\000n\000\040\000T\000r\000a\000v\000e\000r\000s\000a\000l}{section.7.6}% 209
\BOOKMARK [1][-]{section.7.7}{\376\377\000O\000p\000t\000i\000o\000n\000\040\000T\000y\000p\000e\000s\000\040\000a\000n\000d\000\040\000E\000r\000r\000o\000r\000s}{chapter.7}% 210
\BOOKMARK [2][-]{subsection.7.7.1}{\376\377\000C\000o\000n\000v\000e\000r\000t\000i\000n\000g\000\040\000B\000e\000t\000w\000e\000e\000n\000\040\000O\000p\000t\000i\000o\000n\000s\000\040\000a\000n\000d\000\040\000E\000r\000r\000o\000r\000s}{section.7.7}% 211
\BOOKMARK [1][-]{section.7.8}{\376\377\000P\000a\000n\000i\000c\000\040\000a\000n\000d\000\040\000R\000e\000c\000o\000v\000e\000r\000y}{chapter.7}% 212
\BOOKMARK [2][-]{subsection.7.8.1}{\376\377\000W\000h\000e\000n\000\040\000t\000o\000\040\000U\000s\000e\000\040\000P\000a\000n\000i\000c}{section.7.8}% 213
\BOOKMARK [2][-]{subsection.7.8.2}{\376\377\000W\000h\000e\000n\000\040\000t\000o\000\040\000U\000s\000e\000\040\000E\000r\000r\000o\000r\000s}{section.7.8}% 214
\BOOKMARK [1][-]{section.7.9}{\376\377\000B\000e\000s\000t\000\040\000P\000r\000a\000c\000t\000i\000c\000e\000s}{chapter.7}% 215
\BOOKMARK [2][-]{subsection.7.9.1}{\376\377\000R\000e\000t\000u\000r\000n\000\040\000E\000r\000r\000o\000r\000s\000,\000\040\000D\000o\000n\000'\000t\000\040\000L\000o\000g\000\040\000a\000n\000d\000\040\000C\000o\000n\000t\000i\000n\000u\000e}{section.7.9}% 216
\BOOKMARK [2][-]{subsection.7.9.2}{\376\377\000A\000d\000d\000\040\000C\000o\000n\000t\000e\000x\000t\000\040\000W\000h\000e\000n\000\040\000W\000r\000a\000p\000p\000i\000n\000g}{section.7.9}% 217
\BOOKMARK [2][-]{subsection.7.9.3}{\376\377\000H\000a\000n\000d\000l\000e\000\040\000E\000r\000r\000o\000r\000s\000\040\000a\000t\000\040\000t\000h\000e\000\040\000R\000i\000g\000h\000t\000\040\000L\000e\000v\000e\000l}{section.7.9}% 218
\BOOKMARK [1][-]{section.7.10}{\376\377\000E\000r\000r\000o\000r\000\040\000H\000a\000n\000d\000l\000i\000n\000g\000\040\000G\000r\000a\000m\000m\000a\000r}{chapter.7}% 219
\BOOKMARK [-1][-]{part.2}{\376\377\000I\000I\000\040\000C\000o\000n\000c\000u\000r\000r\000e\000n\000c\000y\000\040\000a\000n\000d\000\040\000M\000o\000d\000u\000l\000e\000s}{}% 220
\BOOKMARK [0][-]{chapter.8}{\376\377\000C\000o\000n\000c\000u\000r\000r\000e\000n\000c\000y}{part.2}% 221
\BOOKMARK [1][-]{section.8.1}{\376\377\000C\000o\000n\000c\000u\000r\000r\000e\000n\000c\000y\000\040\000M\000o\000d\000e\000l}{chapter.8}% 222
\BOOKMARK [1][-]{section.8.2}{\376\377\000S\000p\000a\000w\000n}{chapter.8}% 223
\BOOKMARK [2][-]{subsection.8.2.1}{\376\377\000S\000p\000a\000w\000n\000i\000n\000g\000\040\000F\000u\000n\000c\000t\000i\000o\000n\000s}{section.8.2}% 224
\BOOKMARK [2][-]{subsection.8.2.2}{\376\377\000S\000p\000a\000w\000n\000\040\000R\000e\000t\000u\000r\000n\000s\000\040\000H\000a\000n\000d\000l\000e}{section.8.2}% 225
\BOOKMARK [1][-]{section.8.3}{\376\377\000C\000h\000a\000n\000n\000e\000l\000s}{chapter.8}% 226
\BOOKMARK [2][-]{subsection.8.3.1}{\376\377\000S\000e\000n\000d\000i\000n\000g\000\040\000a\000n\000d\000\040\000R\000e\000c\000e\000i\000v\000i\000n\000g}{section.8.3}% 227
\BOOKMARK [2][-]{subsection.8.3.2}{\376\377\000B\000a\000s\000i\000c\000\040\000C\000h\000a\000n\000n\000e\000l\000\040\000E\000x\000a\000m\000p\000l\000e}{section.8.3}% 228
\BOOKMARK [2][-]{subsection.8.3.3}{\376\377\000B\000u\000f\000f\000e\000r\000e\000d\000\040\000C\000h\000a\000n\000n\000e\000l\000s}{section.8.3}% 229
\BOOKMARK [2][-]{subsection.8.3.4}{\376\377\000C\000l\000o\000s\000i\000n\000g\000\040\000C\000h\000a\000n\000n\000e\000l\000s}{section.8.3}% 230
\BOOKMARK [2][-]{subsection.8.3.5}{\376\377\000C\000h\000e\000c\000k\000i\000n\000g\000\040\000C\000h\000a\000n\000n\000e\000l\000\040\000S\000t\000a\000t\000e}{section.8.3}% 231
\BOOKMARK [1][-]{section.8.4}{\376\377\000S\000e\000l\000e\000c\000t}{chapter.8}% 232
\BOOKMARK [2][-]{subsection.8.4.1}{\376\377\000S\000e\000l\000e\000c\000t\000\040\000w\000i\000t\000h\000\040\000D\000e\000f\000a\000u\000l\000t}{section.8.4}% 233
\BOOKMARK [2][-]{subsection.8.4.2}{\376\377\000S\000e\000l\000e\000c\000t\000\040\000w\000i\000t\000h\000\040\000T\000i\000m\000e\000o\000u\000t}{section.8.4}% 234
\BOOKMARK [2][-]{subsection.8.4.3}{\376\377\000S\000e\000l\000e\000c\000t\000\040\000i\000n\000\040\000L\000o\000o\000p}{section.8.4}% 235
\BOOKMARK [1][-]{section.8.5}{\376\377\000C\000o\000m\000m\000o\000n\000\040\000P\000a\000t\000t\000e\000r\000n\000s}{chapter.8}% 236
\BOOKMARK [2][-]{subsection.8.5.1}{\376\377\000W\000o\000r\000k\000e\000r\000\040\000P\000o\000o\000l}{section.8.5}% 237
\BOOKMARK [2][-]{subsection.8.5.2}{\376\377\000F\000a\000n\000-\000O\000u\000t\000,\000\040\000F\000a\000n\000-\000I\000n}{section.8.5}% 238
\BOOKMARK [2][-]{subsection.8.5.3}{\376\377\000P\000i\000p\000e\000l\000i\000n\000e}{section.8.5}% 239
\BOOKMARK [2][-]{subsection.8.5.4}{\376\377\000S\000e\000m\000a\000p\000h\000o\000r\000e}{section.8.5}% 240
\BOOKMARK [1][-]{section.8.6}{\376\377\000C\000h\000a\000n\000n\000e\000l\000\040\000T\000y\000p\000e\000s}{chapter.8}% 241
\BOOKMARK [2][-]{subsection.8.6.1}{\376\377\000D\000i\000r\000e\000c\000t\000i\000o\000n\000a\000l\000\040\000C\000h\000a\000n\000n\000e\000l\000s}{section.8.6}% 242
\BOOKMARK [1][-]{section.8.7}{\376\377\000S\000y\000n\000c\000h\000r\000o\000n\000i\000z\000a\000t\000i\000o\000n}{chapter.8}% 243
\BOOKMARK [2][-]{subsection.8.7.1}{\376\377\000W\000a\000i\000t\000G\000r\000o\000u\000p}{section.8.7}% 244
\BOOKMARK [2][-]{subsection.8.7.2}{\376\377\000M\000u\000t\000e\000x}{section.8.7}% 245
\BOOKMARK [1][-]{section.8.8}{\376\377\000C\000o\000n\000c\000u\000r\000r\000e\000n\000c\000y\000\040\000G\000r\000a\000m\000m\000a\000r}{chapter.8}% 246
\BOOKMARK [0][-]{chapter.9}{\376\377\000M\000o\000d\000u\000l\000e\000s\000\040\000a\000n\000d\000\040\000I\000m\000p\000o\000r\000t\000s}{part.2}% 247
\BOOKMARK [1][-]{section.9.1}{\376\377\000M\000o\000d\000u\000l\000e\000\040\000S\000y\000s\000t\000e\000m\000\040\000O\000v\000e\000r\000v\000i\000e\000w}{chapter.9}% 248
\BOOKMARK [1][-]{section.9.2}{\376\377\000I\000m\000p\000o\000r\000t\000\040\000S\000y\000n\000t\000a\000x}{chapter.9}% 249
\BOOKMARK [2][-]{subsection.9.2.1}{\376\377\000B\000a\000s\000i\000c\000\040\000I\000m\000p\000o\000r\000t}{section.9.2}% 250
\BOOKMARK [2][-]{subsection.9.2.2}{\376\377\000A\000l\000i\000a\000s\000e\000d\000\040\000I\000m\000p\000o\000r\000t}{section.9.2}% 251
\BOOKMARK [2][-]{subsection.9.2.3}{\376\377\000S\000e\000l\000e\000c\000t\000i\000v\000e\000\040\000I\000m\000p\000o\000r\000t}{section.9.2}% 252
\BOOKMARK [2][-]{subsection.9.2.4}{\376\377\000G\000l\000o\000b\000\040\000I\000m\000p\000o\000r\000t}{section.9.2}% 253
\BOOKMARK [1][-]{section.9.3}{\376\377\000M\000o\000d\000u\000l\000e\000\040\000R\000e\000s\000o\000l\000u\000t\000i\000o\000n}{chapter.9}% 254
\BOOKMARK [2][-]{subsection.9.3.1}{\376\377\000S\000t\000a\000n\000d\000a\000r\000d\000\040\000L\000i\000b\000r\000a\000r\000y}{section.9.3}% 255
\BOOKMARK [2][-]{subsection.9.3.2}{\376\377\000P\000r\000o\000j\000e\000c\000t\000-\000L\000o\000c\000a\000l\000\040\000I\000m\000p\000o\000r\000t\000s}{section.9.3}% 256
\BOOKMARK [2][-]{subsection.9.3.3}{\376\377\000E\000x\000t\000e\000r\000n\000a\000l\000\040\000P\000a\000c\000k\000a\000g\000e\000s}{section.9.3}% 257
\BOOKMARK [1][-]{section.9.4}{\376\377\000M\000o\000d\000u\000l\000e\000\040\000D\000e\000f\000i\000n\000i\000t\000i\000o\000n\000s}{chapter.9}% 258
\BOOKMARK [2][-]{subsection.9.4.1}{\376\377\000F\000i\000l\000e\000\040\000a\000s\000\040\000M\000o\000d\000u\000l\000e}{section.9.4}% 259
\BOOKMARK [2][-]{subsection.9.4.2}{\376\377\000E\000x\000p\000o\000r\000t\000i\000n\000g}{section.9.4}% 260
\BOOKMARK [2][-]{subsection.9.4.3}{\376\377\000P\000a\000c\000k\000a\000g\000e\000\040\000I\000n\000i\000t\000i\000a\000l\000i\000z\000a\000t\000i\000o\000n}{section.9.4}% 261
\BOOKMARK [1][-]{section.9.5}{\376\377\000P\000a\000c\000k\000a\000g\000e\000\040\000S\000t\000r\000u\000c\000t\000u\000r\000e}{chapter.9}% 262
\BOOKMARK [2][-]{subsection.9.5.1}{\376\377\000S\000i\000n\000g\000l\000e\000-\000F\000i\000l\000e\000\040\000P\000a\000c\000k\000a\000g\000e}{section.9.5}% 263
\BOOKMARK [2][-]{subsection.9.5.2}{\376\377\000M\000u\000l\000t\000i\000-\000F\000i\000l\000e\000\040\000P\000a\000c\000k\000a\000g\000e}{section.9.5}% 264
\BOOKMARK [2][-]{subsection.9.5.3}{\376\377\000T\000h\000e\000\040\000m\000o\000d\000.\000h\000a\000i\000r\000a\000\040\000F\000i\000l\000e}{section.9.5}% 265
\BOOKMARK [1][-]{section.9.6}{\376\377\000I\000m\000p\000o\000r\000t\000\040\000O\000r\000d\000e\000r}{chapter.9}% 266
\BOOKMARK [1][-]{section.9.7}{\376\377\000C\000i\000r\000c\000u\000l\000a\000r\000\040\000D\000e\000p\000e\000n\000d\000e\000n\000c\000i\000e\000s}{chapter.9}% 267
\BOOKMARK [1][-]{section.9.8}{\376\377\000C\000o\000n\000d\000i\000t\000i\000o\000n\000a\000l\000\040\000I\000m\000p\000o\000r\000t\000s}{chapter.9}% 268
\BOOKMARK [1][-]{section.9.9}{\376\377\000T\000h\000e\000\040\000h\000a\000i\000r\000a\000.\000t\000o\000m\000l\000\040\000F\000i\000l\000e}{chapter.9}% 269
\BOOKMARK [1][-]{section.9.10}{\376\377\000M\000o\000d\000u\000l\000e\000\040\000G\000r\000a\000m\000m\000a\000r}{chapter.9}% 270
\BOOKMARK [0][-]{chapter.10}{\376\377\000S\000t\000a\000n\000d\000a\000r\000d\000\040\000L\000i\000b\000r\000a\000r\000y}{part.2}% 271
\BOOKMARK [1][-]{section.10.1}{\376\377\000C\000o\000r\000e\000\040\000M\000o\000d\000u\000l\000e\000s}{chapter.10}% 272
\BOOKMARK [1][-]{section.10.2}{\376\377\000i\000o\000\040\000M\000o\000d\000u\000l\000e}{chapter.10}% 273
\BOOKMARK [2][-]{subsection.10.2.1}{\376\377\000i\000o\000\040\000F\000u\000n\000c\000t\000i\000o\000n\000s}{section.10.2}% 274
\BOOKMARK [1][-]{section.10.3}{\376\377\000s\000t\000r\000i\000n\000g\000\040\000M\000o\000d\000u\000l\000e}{chapter.10}% 275
\BOOKMARK [2][-]{subsection.10.3.1}{\376\377\000s\000t\000r\000i\000n\000g\000\040\000F\000u\000n\000c\000t\000i\000o\000n\000s}{section.10.3}% 276
\BOOKMARK [1][-]{section.10.4}{\376\377\000a\000r\000r\000a\000y\000\040\000M\000o\000d\000u\000l\000e}{chapter.10}% 277
\BOOKMARK [1][-]{section.10.5}{\376\377\000m\000a\000p\000\040\000M\000o\000d\000u\000l\000e}{chapter.10}% 278
\BOOKMARK [1][-]{section.10.6}{\376\377\000m\000a\000t\000h\000\040\000M\000o\000d\000u\000l\000e}{chapter.10}% 279
\BOOKMARK [1][-]{section.10.7}{\376\377\000c\000o\000n\000v\000\040\000M\000o\000d\000u\000l\000e}{chapter.10}% 280
\BOOKMARK [1][-]{section.10.8}{\376\377\000E\000x\000t\000e\000n\000d\000e\000d\000\040\000M\000o\000d\000u\000l\000e\000s}{chapter.10}% 281
\BOOKMARK [2][-]{subsection.10.8.1}{\376\377\000f\000s\000\040\000M\000o\000d\000u\000l\000e}{section.10.8}% 282
\BOOKMARK [2][-]{subsection.10.8.2}{\376\377\000o\000s\000\040\000M\000o\000d\000u\000l\000e}{section.10.8}% 283
\BOOKMARK [2][-]{subsection.10.8.3}{\376\377\000t\000i\000m\000e\000\040\000M\000o\000d\000u\000l\000e}{section.10.8}% 284
\BOOKMARK [2][-]{subsection.10.8.4}{\376\377\000j\000s\000o\000n\000\040\000M\000o\000d\000u\000l\000e}{section.10.8}% 285
\BOOKMARK [2][-]{subsection.10.8.5}{\376\377\000h\000t\000t\000p\000\040\000M\000o\000d\000u\000l\000e}{section.10.8}% 286
\BOOKMARK [2][-]{subsection.10.8.6}{\376\377\000r\000e\000g\000e\000x\000\040\000M\000o\000d\000u\000l\000e}{section.10.8}% 287
\BOOKMARK [2][-]{subsection.10.8.7}{\376\377\000c\000r\000y\000p\000t\000o\000\040\000M\000o\000d\000u\000l\000e}{section.10.8}% 288
\BOOKMARK [2][-]{subsection.10.8.8}{\376\377\000n\000e\000t\000\040\000M\000o\000d\000u\000l\000e}{section.10.8}% 289
\BOOKMARK [1][-]{section.10.9}{\376\377\000T\000e\000s\000t\000i\000n\000g\000\040\000M\000o\000d\000u\000l\000e}{chapter.10}% 290
\BOOKMARK [-1][-]{part.3}{\376\377\000I\000I\000I\000\040\000A\000g\000e\000n\000t\000i\000c\000\040\000O\000r\000c\000h\000e\000s\000t\000r\000a\000t\000i\000o\000n}{}% 291
\BOOKMARK [0][-]{chapter.11}{\376\377\000P\000r\000o\000v\000i\000d\000e\000r\000s}{part.3}% 292
\BOOKMARK [1][-]{section.11.1}{\376\377\000P\000r\000o\000v\000i\000d\000e\000r\000\040\000D\000e\000c\000l\000a\000r\000a\000t\000i\000o\000n}{chapter.11}% 293
\BOOKMARK [2][-]{subsection.11.1.1}{\376\377\000C\000l\000o\000u\000d\000\040\000P\000r\000o\000v\000i\000d\000e\000r\000s}{section.11.1}% 294
\BOOKMARK [2][-]{subsection.11.1.2}{\376\377\000L\000o\000c\000a\000l\000\040\000P\000r\000o\000v\000i\000d\000e\000r\000s}{section.11.1}% 295
\BOOKMARK [1][-]{section.11.2}{\376\377\000P\000r\000o\000v\000i\000d\000e\000r\000\040\000F\000i\000e\000l\000d\000s}{chapter.11}% 296
\BOOKMARK [1][-]{section.11.3}{\376\377\000E\000n\000v\000i\000r\000o\000n\000m\000e\000n\000t\000\040\000V\000a\000r\000i\000a\000b\000l\000e\000s}{chapter.11}% 297
\BOOKMARK [1][-]{section.11.4}{\376\377\000R\000e\000f\000e\000r\000e\000n\000c\000i\000n\000g\000\040\000P\000r\000o\000v\000i\000d\000e\000r\000s}{chapter.11}% 298
\BOOKMARK [1][-]{section.11.5}{\376\377\000M\000u\000l\000t\000i\000p\000l\000e\000\040\000P\000r\000o\000v\000i\000d\000e\000r\000s}{chapter.11}% 299
\BOOKMARK [1][-]{section.11.6}{\376\377\000P\000r\000o\000v\000i\000d\000e\000r\000\040\000G\000r\000a\000m\000m\000a\000r}{chapter.11}% 300
\BOOKMARK [0][-]{chapter.12}{\376\377\000T\000o\000o\000l\000s}{part.3}% 301
\BOOKMARK [1][-]{section.12.1}{\376\377\000T\000o\000o\000l\000\040\000D\000e\000c\000l\000a\000r\000a\000t\000i\000o\000n}{chapter.12}% 302
\BOOKMARK [1][-]{section.12.2}{\376\377\000B\000a\000s\000i\000c\000\040\000E\000x\000a\000m\000p\000l\000e\000s}{chapter.12}% 303
\BOOKMARK [2][-]{subsection.12.2.1}{\376\377\000H\000T\000T\000P\000\040\000T\000o\000o\000l}{section.12.2}% 304
\BOOKMARK [2][-]{subsection.12.2.2}{\376\377\000D\000a\000t\000a\000b\000a\000s\000e\000\040\000T\000o\000o\000l}{section.12.2}% 305
\BOOKMARK [2][-]{subsection.12.2.3}{\376\377\000E\000x\000t\000e\000r\000n\000a\000l\000\040\000S\000e\000r\000v\000i\000c\000e\000\040\000T\000o\000o\000l}{section.12.2}% 306
\BOOKMARK [2][-]{subsection.12.2.4}{\376\377\000A\000g\000e\000n\000t\000-\000D\000e\000l\000e\000g\000a\000t\000i\000n\000g\000\040\000T\000o\000o\000l}{section.12.2}% 307
\BOOKMARK [1][-]{section.12.3}{\376\377\000T\000r\000i\000p\000l\000e\000-\000Q\000u\000o\000t\000e\000\040\000D\000e\000s\000c\000r\000i\000p\000t\000i\000o\000n}{chapter.12}% 308
\BOOKMARK [1][-]{section.12.4}{\376\377\000A\000u\000t\000o\000-\000G\000e\000n\000e\000r\000a\000t\000e\000d\000\040\000J\000S\000O\000N\000\040\000S\000c\000h\000e\000m\000a}{chapter.12}% 309
\BOOKMARK [1][-]{section.12.5}{\376\377\000T\000o\000o\000l\000\040\000P\000a\000c\000k\000s\000\040\000\050\000S\000t\000a\000n\000d\000a\000r\000d\000\040\000L\000i\000b\000r\000a\000r\000y\000\051}{chapter.12}% 310
\BOOKMARK [1][-]{section.12.6}{\376\377\000E\000r\000r\000o\000r\000\040\000H\000a\000n\000d\000l\000i\000n\000g\000\040\000i\000n\000\040\000T\000o\000o\000l\000s}{chapter.12}% 311
\BOOKMARK [1][-]{section.12.7}{\376\377\000T\000o\000o\000l\000\040\000G\000r\000a\000m\000m\000a\000r}{chapter.12}% 312
\BOOKMARK [0][-]{chapter.13}{\376\377\000A\000g\000e\000n\000t\000s}{part.3}% 313
\BOOKMARK [1][-]{section.13.1}{\376\377\000A\000g\000e\000n\000t\000\040\000D\000e\000c\000l\000a\000r\000a\000t\000i\000o\000n}{chapter.13}% 314
\BOOKMARK [1][-]{section.13.2}{\376\377\000A\000g\000e\000n\000t\000\040\000F\000i\000e\000l\000d\000s}{chapter.13}% 315
\BOOKMARK [2][-]{subsection.13.2.1}{\376\377\000M\000u\000l\000t\000i\000l\000i\000n\000e\000\040\000S\000y\000s\000t\000e\000m\000\040\000P\000r\000o\000m\000p\000t\000s}{section.13.2}% 316
\BOOKMARK [1][-]{section.13.3}{\376\377\000A\000g\000e\000n\000t\000\040\000M\000e\000t\000h\000o\000d\000s}{chapter.13}% 317
\BOOKMARK [2][-]{subsection.13.3.1}{\376\377\000.\000a\000s\000k\000\050\000\051\000\040\040\024\000\040\000T\000e\000x\000t\000\040\000I\000n\000,\000\040\000T\000e\000x\000t\000\040\000O\000u\000t}{section.13.3}% 318
\BOOKMARK [2][-]{subsection.13.3.2}{\376\377\000.\000r\000u\000n\000\050\000\051\000\040\040\024\000\040\000S\000t\000r\000u\000c\000t\000u\000r\000e\000d\000\040\000I\000n\000,\000\040\000S\000t\000r\000u\000c\000t\000u\000r\000e\000d\000\040\000O\000u\000t}{section.13.3}% 319
\BOOKMARK [2][-]{subsection.13.3.3}{\376\377\000.\000s\000t\000r\000e\000a\000m\000\050\000\051\000\040\040\024\000\040\000T\000e\000x\000t\000\040\000I\000n\000,\000\040\000S\000t\000r\000e\000a\000m\000i\000n\000g\000\040\000O\000u\000t}{section.13.3}% 320
\BOOKMARK [1][-]{section.13.4}{\376\377\000M\000e\000m\000o\000r\000y}{chapter.13}% 321
\BOOKMARK [2][-]{subsection.13.4.1}{\376\377\000N\000o\000\040\000M\000e\000m\000o\000r\000y\000\040\000\050\000D\000e\000f\000a\000u\000l\000t\000\051}{section.13.4}% 322
\BOOKMARK [2][-]{subsection.13.4.2}{\376\377\000C\000o\000n\000v\000e\000r\000s\000a\000t\000i\000o\000n\000\040\000M\000e\000m\000o\000r\000y}{section.13.4}% 323
\BOOKMARK [2][-]{subsection.13.4.3}{\376\377\000S\000u\000m\000m\000a\000r\000y\000\040\000M\000e\000m\000o\000r\000y}{section.13.4}% 324
\BOOKMARK [2][-]{subsection.13.4.4}{\376\377\000M\000e\000m\000o\000r\000y\000\040\000T\000y\000p\000e\000s}{section.13.4}% 325
\BOOKMARK [1][-]{section.13.5}{\376\377\000S\000e\000s\000s\000i\000o\000n\000s}{chapter.13}% 326
\BOOKMARK [1][-]{section.13.6}{\376\377\000T\000o\000o\000l\000-\000C\000a\000l\000l\000i\000n\000g\000\040\000L\000o\000o\000p}{chapter.13}% 327
\BOOKMARK [1][-]{section.13.7}{\376\377\000E\000r\000r\000o\000r\000\040\000H\000a\000n\000d\000l\000i\000n\000g}{chapter.13}% 328
\BOOKMARK [1][-]{section.13.8}{\376\377\000E\000x\000a\000m\000p\000l\000e\000s}{chapter.13}% 329
\BOOKMARK [2][-]{subsection.13.8.1}{\376\377\000S\000t\000a\000t\000e\000l\000e\000s\000s\000\040\000C\000l\000a\000s\000s\000i\000f\000i\000e\000r}{section.13.8}% 330
\BOOKMARK [2][-]{subsection.13.8.2}{\376\377\000R\000e\000s\000e\000a\000r\000c\000h\000\040\000A\000g\000e\000n\000t\000\040\000w\000i\000t\000h\000\040\000T\000o\000o\000l\000s}{section.13.8}% 331
\BOOKMARK [2][-]{subsection.13.8.3}{\376\377\000C\000o\000n\000v\000e\000r\000s\000a\000t\000i\000o\000n\000a\000l\000\040\000A\000s\000s\000i\000s\000t\000a\000n\000t}{section.13.8}% 332
\BOOKMARK [1][-]{section.13.9}{\376\377\000A\000g\000e\000n\000t\000\040\000G\000r\000a\000m\000m\000a\000r}{chapter.13}% 333
\BOOKMARK [0][-]{chapter.14}{\376\377\000W\000o\000r\000k\000f\000l\000o\000w\000s}{part.3}% 334
\BOOKMARK [1][-]{section.14.1}{\376\377\000W\000o\000r\000k\000f\000l\000o\000w\000\040\000D\000e\000c\000l\000a\000r\000a\000t\000i\000o\000n}{chapter.14}% 335
\BOOKMARK [1][-]{section.14.2}{\376\377\000T\000r\000i\000g\000g\000e\000r\000s}{chapter.14}% 336
\BOOKMARK [2][-]{subsection.14.2.1}{\376\377\000@\000w\000e\000b\000h\000o\000o\000k\000\040\040\024\000\040\000H\000T\000T\000P\000\040\000E\000n\000d\000p\000o\000i\000n\000t}{section.14.2}% 337
\BOOKMARK [2][-]{subsection.14.2.2}{\376\377\000@\000w\000e\000b\000s\000o\000c\000k\000e\000t\000\040\040\024\000\040\000B\000i\000d\000i\000r\000e\000c\000t\000i\000o\000n\000a\000l\000\040\000S\000t\000r\000e\000a\000m\000i\000n\000g}{section.14.2}% 338
\BOOKMARK [2][-]{subsection.14.2.3}{\376\377\000@\000c\000r\000o\000n\000\040\040\024\000\040\000S\000c\000h\000e\000d\000u\000l\000e\000d\000\040\000E\000x\000e\000c\000u\000t\000i\000o\000n}{section.14.2}% 339
\BOOKMARK [2][-]{subsection.14.2.4}{\376\377\000@\000e\000v\000e\000n\000t\000\040\040\024\000\040\000E\000v\000e\000n\000t\000-\000D\000r\000i\000v\000e\000n}{section.14.2}% 340
\BOOKMARK [2][-]{subsection.14.2.5}{\376\377\000@\000m\000a\000n\000u\000a\000l\000\040\040\024\000\040\000C\000L\000I\000\040\000O\000n\000l\000y}{section.14.2}% 341
\BOOKMARK [2][-]{subsection.14.2.6}{\376\377\000N\000o\000\040\000T\000r\000i\000g\000g\000e\000r\000\040\000\050\000S\000u\000b\000-\000W\000o\000r\000k\000f\000l\000o\000w\000\051}{section.14.2}% 342
\BOOKMARK [1][-]{section.14.3}{\376\377\000S\000e\000q\000u\000e\000n\000t\000i\000a\000l\000\040\000S\000t\000e\000p\000s}{chapter.14}% 343
\BOOKMARK [1][-]{section.14.4}{\376\377\000P\000a\000r\000a\000l\000l\000e\000l\000\040\000E\000x\000e\000c\000u\000t\000i\000o\000n}{chapter.14}% 344
\BOOKMARK [1][-]{section.14.5}{\376\377\000B\000r\000a\000n\000c\000h\000i\000n\000g}{chapter.14}% 345
\BOOKMARK [1][-]{section.14.6}{\376\377\000L\000o\000o\000p\000s}{chapter.14}% 346
\BOOKMARK [1][-]{section.14.7}{\376\377\000S\000u\000b\000-\000W\000o\000r\000k\000f\000l\000o\000w\000s}{chapter.14}% 347
\BOOKMARK [1][-]{section.14.8}{\376\377\000E\000r\000r\000o\000r\000\040\000H\000a\000n\000d\000l\000i\000n\000g}{chapter.14}% 348
\BOOKMARK [1][-]{section.14.9}{\376\377\000R\000u\000n\000n\000i\000n\000g\000\040\000W\000o\000r\000k\000f\000l\000o\000w\000s}{chapter.14}% 349
\BOOKMARK [2][-]{subsection.14.9.1}{\376\377\000F\000r\000o\000m\000\040\000m\000a\000i\000n\000\050\000\051}{section.14.9}% 350
\BOOKMARK [2][-]{subsection.14.9.2}{\376\377\000S\000e\000r\000v\000e\000r\000\040\000M\000o\000d\000e}{section.14.9}% 351
\BOOKMARK [2][-]{subsection.14.9.3}{\376\377\000C\000L\000I}{section.14.9}% 352
\BOOKMARK [1][-]{section.14.10}{\376\377\000W\000o\000r\000k\000f\000l\000o\000w\000\040\000G\000r\000a\000m\000m\000a\000r}{chapter.14}% 353
\BOOKMARK [0][-]{chapter.15}{\376\377\000C\000h\000a\000t\000b\000o\000t\000\040\000P\000a\000t\000t\000e\000r\000n\000s}{part.3}% 354
\BOOKMARK [1][-]{section.15.1}{\376\377\000S\000i\000m\000p\000l\000e\000\040\000R\000E\000S\000T\000\040\000C\000h\000a\000t\000b\000o\000t}{chapter.15}% 355
\BOOKMARK [1][-]{section.15.2}{\376\377\000S\000t\000r\000e\000a\000m\000i\000n\000g\000\040\000W\000e\000b\000S\000o\000c\000k\000e\000t\000\040\000C\000h\000a\000t\000b\000o\000t}{chapter.15}% 356
\BOOKMARK [1][-]{section.15.3}{\376\377\000D\000u\000a\000l\000-\000M\000o\000d\000e\000\040\000C\000h\000a\000t\000b\000o\000t}{chapter.15}% 357
\BOOKMARK [1][-]{section.15.4}{\376\377\000R\000A\000G\000\040\000C\000h\000a\000t\000b\000o\000t}{chapter.15}% 358
\BOOKMARK [1][-]{section.15.5}{\376\377\000M\000u\000l\000t\000i\000-\000A\000g\000e\000n\000t\000\040\000R\000o\000u\000t\000i\000n\000g}{chapter.15}% 359
\BOOKMARK [1][-]{section.15.6}{\376\377\000C\000h\000a\000t\000b\000o\000t\000\040\000w\000i\000t\000h\000\040\000S\000t\000r\000u\000c\000t\000u\000r\000e\000d\000\040\000A\000c\000t\000i\000o\000n\000s}{chapter.15}% 360
\BOOKMARK [1][-]{section.15.7}{\376\377\000B\000e\000s\000t\000\040\000P\000r\000a\000c\000t\000i\000c\000e\000s}{chapter.15}% 361
\BOOKMARK [-1][-]{part.4}{\376\377\000I\000V\000\040\000I\000m\000p\000l\000e\000m\000e\000n\000t\000a\000t\000i\000o\000n}{}% 362
\BOOKMARK [0][-]{chapter.16}{\376\377\000C\000o\000m\000p\000l\000e\000t\000e\000\040\000G\000r\000a\000m\000m\000a\000r}{part.4}% 363
\BOOKMARK [1][-]{section.16.1}{\376\377\000N\000o\000t\000a\000t\000i\000o\000n}{chapter.16}% 364
\BOOKMARK [1][-]{section.16.2}{\376\377\000L\000e\000x\000i\000c\000a\000l\000\040\000G\000r\000a\000m\000m\000a\000r}{chapter.16}% 365
\BOOKMARK [2][-]{subsection.16.2.1}{\376\377\000C\000h\000a\000r\000a\000c\000t\000e\000r\000s}{section.16.2}% 366
\BOOKMARK [2][-]{subsection.16.2.2}{\376\377\000W\000h\000i\000t\000e\000s\000p\000a\000c\000e\000\040\000a\000n\000d\000\040\000C\000o\000m\000m\000e\000n\000t\000s}{section.16.2}% 367
\BOOKMARK [2][-]{subsection.16.2.3}{\376\377\000I\000d\000e\000n\000t\000i\000f\000i\000e\000r\000s}{section.16.2}% 368
\BOOKMARK [2][-]{subsection.16.2.4}{\376\377\000K\000e\000y\000w\000o\000r\000d\000s}{section.16.2}% 369
\BOOKMARK [2][-]{subsection.16.2.5}{\376\377\000L\000i\000t\000e\000r\000a\000l\000s}{section.16.2}% 370
\BOOKMARK [2][-]{subsection.16.2.6}{\376\377\000O\000p\000e\000r\000a\000t\000o\000r\000s}{section.16.2}% 371
\BOOKMARK [2][-]{subsection.16.2.7}{\376\377\000D\000e\000l\000i\000m\000i\000t\000e\000r\000s}{section.16.2}% 372
\BOOKMARK [1][-]{section.16.3}{\376\377\000S\000y\000n\000t\000a\000c\000t\000i\000c\000\040\000G\000r\000a\000m\000m\000a\000r}{chapter.16}% 373
\BOOKMARK [2][-]{subsection.16.3.1}{\376\377\000P\000r\000o\000g\000r\000a\000m\000\040\000S\000t\000r\000u\000c\000t\000u\000r\000e}{section.16.3}% 374
\BOOKMARK [2][-]{subsection.16.3.2}{\376\377\000I\000m\000p\000o\000r\000t\000s}{section.16.3}% 375
\BOOKMARK [2][-]{subsection.16.3.3}{\376\377\000C\000o\000r\000e\000\040\000D\000e\000c\000l\000a\000r\000a\000t\000i\000o\000n\000s}{section.16.3}% 376
\BOOKMARK [2][-]{subsection.16.3.4}{\376\377\000A\000t\000t\000r\000i\000b\000u\000t\000e\000s}{section.16.3}% 377
\BOOKMARK [2][-]{subsection.16.3.5}{\376\377\000D\000e\000c\000o\000r\000a\000t\000o\000r\000s}{section.16.3}% 378
\BOOKMARK [2][-]{subsection.16.3.6}{\376\377\000P\000r\000o\000v\000i\000d\000e\000r\000\040\000D\000e\000c\000l\000a\000r\000a\000t\000i\000o\000n\000s}{section.16.3}% 379
\BOOKMARK [2][-]{subsection.16.3.7}{\376\377\000T\000o\000o\000l\000\040\000D\000e\000c\000l\000a\000r\000a\000t\000i\000o\000n\000s}{section.16.3}% 380
\BOOKMARK [2][-]{subsection.16.3.8}{\376\377\000A\000g\000e\000n\000t\000\040\000D\000e\000c\000l\000a\000r\000a\000t\000i\000o\000n\000s}{section.16.3}% 381
\BOOKMARK [2][-]{subsection.16.3.9}{\376\377\000W\000o\000r\000k\000f\000l\000o\000w\000\040\000D\000e\000c\000l\000a\000r\000a\000t\000i\000o\000n\000s}{section.16.3}% 382
\BOOKMARK [2][-]{subsection.16.3.10}{\376\377\000T\000y\000p\000e\000s}{section.16.3}% 383
\BOOKMARK [2][-]{subsection.16.3.11}{\376\377\000S\000t\000a\000t\000e\000m\000e\000n\000t\000s}{section.16.3}% 384
\BOOKMARK [2][-]{subsection.16.3.12}{\376\377\000E\000x\000p\000r\000e\000s\000s\000i\000o\000n\000s}{section.16.3}% 385
\BOOKMARK [2][-]{subsection.16.3.13}{\376\377\000P\000a\000t\000t\000e\000r\000n\000s}{section.16.3}% 386
\BOOKMARK [1][-]{section.16.4}{\376\377\000G\000r\000a\000m\000m\000a\000r\000\040\000S\000u\000m\000m\000a\000r\000y}{chapter.16}% 387
\BOOKMARK [2][-]{subsection.16.4.1}{\376\377\000E\000n\000t\000r\000y\000\040\000P\000o\000i\000n\000t\000s}{section.16.4}% 388
\BOOKMARK [2][-]{subsection.16.4.2}{\376\377\000P\000r\000e\000c\000e\000d\000e\000n\000c\000e\000\040\000\050\000H\000i\000g\000h\000\040\000t\000o\000\040\000L\000o\000w\000\051}{section.16.4}% 389
\BOOKMARK [2][-]{subsection.16.4.3}{\376\377\000A\000s\000s\000o\000c\000i\000a\000t\000i\000v\000i\000t\000y}{section.16.4}% 390
\BOOKMARK [0][-]{chapter.17}{\376\377\000C\000o\000m\000p\000i\000l\000e\000r\000\040\000A\000r\000c\000h\000i\000t\000e\000c\000t\000u\000r\000e}{part.4}% 391
\BOOKMARK [1][-]{section.17.1}{\376\377\000O\000v\000e\000r\000v\000i\000e\000w}{chapter.17}% 392
\BOOKMARK [1][-]{section.17.2}{\376\377\000L\000e\000x\000e\000r}{chapter.17}% 393
\BOOKMARK [2][-]{subsection.17.2.1}{\376\377\000T\000o\000k\000e\000n\000\040\000T\000y\000p\000e\000s}{section.17.2}% 394
\BOOKMARK [2][-]{subsection.17.2.2}{\376\377\000K\000e\000y\000w\000o\000r\000d\000s}{section.17.2}% 395
\BOOKMARK [2][-]{subsection.17.2.3}{\376\377\000L\000e\000x\000e\000r\000\040\000I\000m\000p\000l\000e\000m\000e\000n\000t\000a\000t\000i\000o\000n}{section.17.2}% 396
\BOOKMARK [1][-]{section.17.3}{\376\377\000P\000a\000r\000s\000e\000r}{chapter.17}% 397
\BOOKMARK [2][-]{subsection.17.3.1}{\376\377\000A\000S\000T\000\040\000N\000o\000d\000e\000s}{section.17.3}% 398
\BOOKMARK [2][-]{subsection.17.3.2}{\376\377\000A\000g\000e\000n\000t\000i\000c\000\040\000A\000S\000T\000\040\000N\000o\000d\000e\000s}{section.17.3}% 399
\BOOKMARK [2][-]{subsection.17.3.3}{\376\377\000P\000a\000r\000s\000i\000n\000g\000\040\000A\000g\000e\000n\000t\000i\000c\000\040\000C\000o\000n\000s\000t\000r\000u\000c\000t\000s}{section.17.3}% 400
\BOOKMARK [1][-]{section.17.4}{\376\377\000R\000e\000s\000o\000l\000v\000e\000r}{chapter.17}% 401
\BOOKMARK [2][-]{subsection.17.4.1}{\376\377\000S\000y\000m\000b\000o\000l\000\040\000T\000a\000b\000l\000e}{section.17.4}% 402
\BOOKMARK [2][-]{subsection.17.4.2}{\376\377\000P\000r\000o\000v\000i\000d\000e\000r\000\040\000R\000e\000s\000o\000l\000u\000t\000i\000o\000n}{section.17.4}% 403
\BOOKMARK [2][-]{subsection.17.4.3}{\376\377\000T\000o\000o\000l\000\040\000R\000e\000g\000i\000s\000t\000r\000a\000t\000i\000o\000n}{section.17.4}% 404
\BOOKMARK [2][-]{subsection.17.4.4}{\376\377\000A\000g\000e\000n\000t\000\040\000V\000a\000l\000i\000d\000a\000t\000i\000o\000n}{section.17.4}% 405
\BOOKMARK [2][-]{subsection.17.4.5}{\376\377\000W\000o\000r\000k\000f\000l\000o\000w\000\040\000T\000r\000i\000g\000g\000e\000r\000\040\000V\000a\000l\000i\000d\000a\000t\000i\000o\000n}{section.17.4}% 406
\BOOKMARK [1][-]{section.17.5}{\376\377\000T\000y\000p\000e\000\040\000C\000h\000e\000c\000k\000e\000r}{chapter.17}% 407
\BOOKMARK [2][-]{subsection.17.5.1}{\376\377\000T\000y\000p\000e\000\040\000R\000e\000p\000r\000e\000s\000e\000n\000t\000a\000t\000i\000o\000n}{section.17.5}% 408
\BOOKMARK [2][-]{subsection.17.5.2}{\376\377\000A\000g\000e\000n\000t\000\040\000M\000e\000t\000h\000o\000d\000\040\000T\000y\000p\000e\000\040\000C\000h\000e\000c\000k\000i\000n\000g}{section.17.5}% 409
\BOOKMARK [2][-]{subsection.17.5.3}{\376\377\000L\000e\000f\000t\000-\000S\000i\000d\000e\000\040\000T\000y\000p\000e\000\040\000A\000n\000n\000o\000t\000a\000t\000i\000o\000n\000\040\000I\000n\000f\000e\000r\000e\000n\000c\000e}{section.17.5}% 410
\BOOKMARK [2][-]{subsection.17.5.4}{\376\377\000W\000o\000r\000k\000f\000l\000o\000w\000\040\000I\000n\000p\000u\000t\000/\000O\000u\000t\000p\000u\000t\000\040\000T\000y\000p\000e\000s}{section.17.5}% 411
\BOOKMARK [2][-]{subsection.17.5.5}{\376\377\000T\000o\000o\000l\000\040\000A\000u\000t\000o\000-\000S\000c\000h\000e\000m\000a\000\040\000G\000e\000n\000e\000r\000a\000t\000i\000o\000n}{section.17.5}% 412
\BOOKMARK [1][-]{section.17.6}{\376\377\000L\000o\000w\000e\000r\000i\000n\000g}{chapter.17}% 413
\BOOKMARK [2][-]{subsection.17.6.1}{\376\377\000H\000I\000R\000\040\000S\000t\000r\000u\000c\000t\000u\000r\000e}{section.17.6}% 414
\BOOKMARK [2][-]{subsection.17.6.2}{\376\377\000P\000r\000o\000v\000i\000d\000e\000r\000\040\000L\000o\000w\000e\000r\000i\000n\000g}{section.17.6}% 415
\BOOKMARK [2][-]{subsection.17.6.3}{\376\377\000T\000o\000o\000l\000\040\000L\000o\000w\000e\000r\000i\000n\000g}{section.17.6}% 416
\BOOKMARK [2][-]{subsection.17.6.4}{\376\377\000A\000g\000e\000n\000t\000\040\000L\000o\000w\000e\000r\000i\000n\000g}{section.17.6}% 417
\BOOKMARK [2][-]{subsection.17.6.5}{\376\377\000A\000g\000e\000n\000t\000\040\000M\000e\000t\000h\000o\000d\000\040\000C\000a\000l\000l\000\040\000L\000o\000w\000e\000r\000i\000n\000g}{section.17.6}% 418
\BOOKMARK [2][-]{subsection.17.6.6}{\376\377\000W\000o\000r\000k\000f\000l\000o\000w\000\040\000L\000o\000w\000e\000r\000i\000n\000g}{section.17.6}% 419
\BOOKMARK [2][-]{subsection.17.6.7}{\376\377\000S\000p\000a\000w\000n\000\040\000B\000l\000o\000c\000k\000\040\000L\000o\000w\000e\000r\000i\000n\000g}{section.17.6}% 420
\BOOKMARK [1][-]{section.17.7}{\376\377\000C\000o\000d\000e\000\040\000G\000e\000n\000e\000r\000a\000t\000i\000o\000n}{chapter.17}% 421
\BOOKMARK [2][-]{subsection.17.7.1}{\376\377\000C\000r\000a\000n\000e\000l\000i\000f\000t\000\040\000I\000n\000t\000e\000g\000r\000a\000t\000i\000o\000n}{section.17.7}% 422
\BOOKMARK [2][-]{subsection.17.7.2}{\376\377\000R\000u\000n\000t\000i\000m\000e\000\040\000C\000a\000l\000l\000s}{section.17.7}% 423
\BOOKMARK [1][-]{section.17.8}{\376\377\000R\000u\000n\000t\000i\000m\000e\000\040\000L\000i\000b\000r\000a\000r\000y}{chapter.17}% 424
\BOOKMARK [2][-]{subsection.17.8.1}{\376\377\000P\000r\000o\000v\000i\000d\000e\000r\000\040\000M\000a\000n\000a\000g\000e\000m\000e\000n\000t}{section.17.8}% 425
\BOOKMARK [2][-]{subsection.17.8.2}{\376\377\000A\000g\000e\000n\000t\000\040\000E\000x\000e\000c\000u\000t\000i\000o\000n}{section.17.8}% 426
\BOOKMARK [2][-]{subsection.17.8.3}{\376\377\000W\000o\000r\000k\000f\000l\000o\000w\000\040\000O\000r\000c\000h\000e\000s\000t\000r\000a\000t\000i\000o\000n}{section.17.8}% 427
\BOOKMARK [2][-]{subsection.17.8.4}{\376\377\000S\000e\000s\000s\000i\000o\000n\000\040\000M\000a\000n\000a\000g\000e\000m\000e\000n\000t}{section.17.8}% 428
\BOOKMARK [2][-]{subsection.17.8.5}{\376\377\000S\000t\000r\000e\000a\000m\000\040\000H\000a\000n\000d\000l\000i\000n\000g}{section.17.8}% 429
\BOOKMARK [2][-]{subsection.17.8.6}{\376\377\000J\000S\000O\000N\000\040\000S\000c\000h\000e\000m\000a\000\040\000G\000e\000n\000e\000r\000a\000t\000i\000o\000n}{section.17.8}% 430
\BOOKMARK [1][-]{section.17.9}{\376\377\000P\000r\000o\000j\000e\000c\000t\000\040\000S\000t\000r\000u\000c\000t\000u\000r\000e}{chapter.17}% 431
\BOOKMARK [1][-]{section.17.10}{\376\377\000B\000u\000i\000l\000d\000\040\000P\000r\000o\000c\000e\000s\000s}{chapter.17}% 432
\BOOKMARK [2][-]{subsection.17.10.1}{\376\377\000B\000u\000i\000l\000d\000\040\000M\000o\000d\000e\000s}{section.17.10}% 433
\BOOKMARK [2][-]{subsection.17.10.2}{\376\377\000S\000e\000r\000v\000e\000r\000\040\000M\000o\000d\000e}{section.17.10}% 434
\BOOKMARK [2][-]{subsection.17.10.3}{\376\377\000C\000h\000e\000c\000k\000\040\000M\000o\000d\000e}{section.17.10}% 435
\BOOKMARK [1][-]{section.17.11}{\376\377\000E\000r\000r\000o\000r\000\040\000M\000e\000s\000s\000a\000g\000e\000s}{chapter.17}% 436
\BOOKMARK [2][-]{subsection.17.11.1}{\376\377\000M\000i\000s\000s\000i\000n\000g\000\040\000T\000o\000o\000l\000\040\000D\000e\000s\000c\000r\000i\000p\000t\000i\000o\000n}{section.17.11}% 437
\BOOKMARK [2][-]{subsection.17.11.2}{\376\377\000A\000g\000e\000n\000t\000\040\000R\000e\000f\000e\000r\000e\000n\000c\000i\000n\000g\000\040\000U\000n\000d\000e\000f\000i\000n\000e\000d\000\040\000P\000r\000o\000v\000i\000d\000e\000r}{section.17.11}% 438
\BOOKMARK [2][-]{subsection.17.11.3}{\376\377\000W\000o\000r\000k\000f\000l\000o\000w\000\040\000w\000i\000t\000h\000\040\000I\000n\000v\000a\000l\000i\000d\000\040\000T\000r\000i\000g\000g\000e\000r}{section.17.11}% 439
\BOOKMARK [2][-]{subsection.17.11.4}{\376\377\000T\000y\000p\000e\000\040\000M\000i\000s\000m\000a\000t\000c\000h\000\040\000i\000n\000\040\000A\000g\000e\000n\000t\000.\000r\000u\000n\000\050\000\051\000\040\000O\000u\000t\000p\000u\000t}{section.17.11}% 440
\BOOKMARK [2][-]{subsection.17.11.5}{\376\377\000A\000g\000e\000n\000t\000\040\000R\000e\000f\000e\000r\000e\000n\000c\000i\000n\000g\000\040\000U\000n\000d\000e\000f\000i\000n\000e\000d\000\040\000T\000o\000o\000l}{section.17.11}% 441
\BOOKMARK [2][-]{subsection.17.11.6}{\376\377\000I\000n\000v\000a\000l\000i\000d\000\040\000C\000r\000o\000n\000\040\000E\000x\000p\000r\000e\000s\000s\000i\000o\000n}{section.17.11}% 442
\BOOKMARK [0][-]{appendix.A}{\376\377\000R\000e\000s\000e\000r\000v\000e\000d\000\040\000K\000e\000y\000w\000o\000r\000d\000s}{part.4}% 443
\BOOKMARK [0][-]{appendix.B}{\376\377\000O\000p\000e\000r\000a\000t\000o\000r\000\040\000P\000r\000e\000c\000e\000d\000e\000n\000c\000e}{part.4}% 444
\BOOKMARK [0][-]{appendix.C}{\376\377\000S\000t\000a\000n\000d\000a\000r\000d\000\040\000L\000i\000b\000r\000a\000r\000y\000\040\000R\000e\000f\000e\000r\000e\000n\000c\000e}{part.4}% 445
